(1 2 3)
(0 1 2 3 4)
10
#f
(0 1 2 3 4)
(#t #t)
(4 3 2 1 0)
5
