"hello, world"
#t
12
#\h
#\e
#\l
#\l
#\o
0
1
-1
(#\h #\e #\l #\l #\o #\, #\  #\w #\o #\r #\l #\d)
